[
  {
    "id": 2921983,
    "by": "norvig",
    "text": "Aw shucks, guys ... you make me blush with your compliments.<p>Tell you what, I'll make a deal: I ll keep writing if you keep reading. K?",
    "kids": [ 2922097, 2922429, 2924562, 2922709 ],
    "parent": 2921506,
    "time": 1484211127,
    "type": "comment",
    "timeText": "2 months ago",
    "displayed": true,
    "subDisplayed": true,
    "level": 0
  },
  {
    "by": "pchristensen",
    "id": 2922097,
    "kids": [ 2923189, 2922573 ],
    "parent": 2921983,
    "text": "Deal.  You promise?<p>Since you're here, what do you feel like is a bigger constraint for Google (or the worldwide technical economy) - software engineering discipline or computer science fundamentals?  I understand that you work in research, but for a hugely profitable company, so you have the insight to give a good answer.",
    "time": 1484216327,
    "type": "comment",
    "timeText": "2 months ago",
    "displayed": true,
    "subDisplayed": true,
    "level": 1
  },
  {
    "by": "norvig",
    "id": 2923189,
    "parent": 2922097,
    "text": "Promise.<p>Good question.  I think the engineering discipline part is much harder. I'm not sure that is because the problems really <i>are</i> harder: messier, ill-defined, changing over time; or whether it is that the academic community has focused on more well-defined formal/fundamental questions and mostly nailed them, so what we're left with is the harder messier stuff.  Certainly it is easier for me to find someone to hire fresh out of college who has excellent CS fundamentals than to find someone with strong engineering discipline.  And while my title included \"Research\", we all work very closely with Engineering.",
    "time": 1484217327,
    "type": "comment",
    "timeText": "2 months ago",
    "displayed": true,
    "subDisplayed": true,
    "level": 2
  },
  {
    "by": "sgoranson",
    "id": 2922573,
    "parent": 2922097,
    "text": "sounds like you had a pretty awesome attic growing up! all I had was my sister's old REO Speedwagon LPs",
    "time": 1484216327,
    "type": "comment",
    "timeText": "2 months ago",
    "displayed": true,
    "subDisplayed": true,
    "level": 2
  },
  {
    "by": "pstuart",
    "id": 2922429,
    "parent": 2921983,
    "text": "Having no formal CS education (I consider myself a coder, not a programmer) I found your spell checker example to be intimidatingly beautiful. It feels like learning to play guitar and hearing Hendrix play: it's fun to do it but kind of depressing knowing I'll never come close.",
    "time": 1484214327,
    "type": "comment",
    "timeText": "2 months ago",
    "displayed": true,
    "subDisplayed": true,
    "level": 1
  },
  {
    "by": "webspiderus",
    "id": 2922709,
    "parent": 2921983,
    "text": "and I hope you keep teaching as well! it was a real pleasure taking CS 221 from you, I hope everyone can be so lucky in the future :)",
    "time": 1484214127,
    "type": "comment",
    "timeText": "2 months ago",
    "displayed": true,
    "subDisplayed": true,
    "level": 1
  },
  {
    "id": 3921983,
    "by": "norvig",
    "text": "Aw shucks, guys ... you make me blush with your compliments.<p>Tell you what, I'll make a deal: I ll keep writing if you keep reading. K?",
    "kids": [ 3922097, 3922429, 3924562, 3922709 ],
    "parent": 3921506,
    "time": 1484211127,
    "type": "comment",
    "timeText": "2 months ago",
    "displayed": true,
    "subDisplayed": true,
    "level": 0
  },
  {
    "by": "pchristensen",
    "id": 3922097,
    "kids": [ 3923189, 3922573 ],
    "parent": 3921983,
    "text": "Deal.  You promise?<p>Since you're here, what do you feel like is a bigger constraint for Google (or the worldwide technical economy) - software engineering discipline or computer science fundamentals?  I understand that you work in research, but for a hugely profitable company, so you have the insight to give a good answer.",
    "time": 1484216327,
    "type": "comment",
    "timeText": "2 months ago",
    "displayed": true,
    "subDisplayed": true,
    "level": 1
  },
  {
    "by": "norvig",
    "id": 3923189,
    "parent": 3922097,
    "text": "Promise.<p>Good question.  I think the engineering discipline part is much harder. I'm not sure that is because the problems really <i>are</i> harder: messier, ill-defined, changing over time; or whether it is that the academic community has focused on more well-defined formal/fundamental questions and mostly nailed them, so what we're left with is the harder messier stuff.  Certainly it is easier for me to find someone to hire fresh out of college who has excellent CS fundamentals than to find someone with strong engineering discipline.  And while my title included \"Research\", we all work very closely with Engineering.",
    "time": 1484217327,
    "type": "comment",
    "timeText": "2 months ago",
    "displayed": true,
    "subDisplayed": true,
    "level": 2
  },
  {
    "by": "sgoranson",
    "id": 3922573,
    "parent": 3922097,
    "text": "sounds like you had a pretty awesome attic growing up! all I had was my sister's old REO Speedwagon LPs",
    "time": 1484216327,
    "type": "comment",
    "timeText": "2 months ago",
    "displayed": true,
    "subDisplayed": true,
    "level": 2
  },
  {
    "by": "pstuart",
    "id": 3922429,
    "parent": 3921983,
    "text": "Having no formal CS education (I consider myself a coder, not a programmer) I found your spell checker example to be intimidatingly beautiful. It feels like learning to play guitar and hearing Hendrix play: it's fun to do it but kind of depressing knowing I'll never come close.",
    "time": 1484214327,
    "type": "comment",
    "timeText": "2 months ago",
    "displayed": true,
    "subDisplayed": true,
    "level": 1
  },
  {
    "by": "webspiderus",
    "id": 3922709,
    "parent": 3921983,
    "text": "and I hope you keep teaching as well! it was a real pleasure taking CS 221 from you, I hope everyone can be so lucky in the future :)",
    "time": 1484214127,
    "type": "comment",
    "timeText": "2 months ago",
    "displayed": true,
    "subDisplayed": true,
    "level": 1
  }
]
